// Jest Snapshot v1, https://goo.gl/fbAQLP

exports[`test game state parser should match snapshot 1`] = `
Object {
  "blueprint": Array [
    Array [
      Object {
        "sides": 5,
      },
      Object {
        "sides": 5,
      },
      Object {
        "sides": 4,
      },
    ],
    Array [
      Object {
        "sides": 4,
      },
      Object {
        "sides": 4,
      },
      Object {
        "sides": 4,
      },
    ],
    Array [
      Object {
        "sides": 4,
      },
      Object {
        "sides": 4,
      },
      Object {
        "sides": 5,
      },
    ],
  ],
  "charactersPosition": Immutable.Map {
    pony: Object {
        "x": 0,
        "y": 1,
      },
    domokun: Object {
        "x": 1,
        "y": 2,
      },
    exit: Object {
        "x": 2,
        "y": 2,
      },
},
  "height": 3,
  "width": 3,
}
`;
